// Validating benchmarks:
// ***** BenchmarkRunner: Start   *****
// ***** Found 5 benchmark(s) in total *****
// ***** Building 1 exe(s) in Parallel: Start   *****
// start dotnet  restore --nodeReuse:false /p:UseSharedCompilation=false /p:Deterministic=true /p:Optimize=true /p:ArtifactsPath="/home/rahpooyan-dev/Downloads/Naravel_v2/benchmarks/Naravel.Benchmarks/bin/Release/net10.0/Naravel.Benchmarks-DefaultJob-1/" /p:OutDir="/home/rahpooyan-dev/Downloads/Naravel_v2/benchmarks/Naravel.Benchmarks/bin/Release/net10.0/Naravel.Benchmarks-DefaultJob-1/bin/Release/net10.0/" /p:OutputPath="/home/rahpooyan-dev/Downloads/Naravel_v2/benchmarks/Naravel.Benchmarks/bin/Release/net10.0/Naravel.Benchmarks-DefaultJob-1/bin/Release/net10.0/" /p:PublishDir="/home/rahpooyan-dev/Downloads/Naravel_v2/benchmarks/Naravel.Benchmarks/bin/Release/net10.0/Naravel.Benchmarks-DefaultJob-1/publish/" in /home/rahpooyan-dev/Downloads/Naravel_v2/benchmarks/Naravel.Benchmarks/bin/Release/net10.0/Naravel.Benchmarks-DefaultJob-1
// command took 2.46 sec and exited with 0
// start dotnet  build -c Release --no-restore --nodeReuse:false /p:UseSharedCompilation=false /p:Deterministic=true /p:Optimize=true /p:ArtifactsPath="/home/rahpooyan-dev/Downloads/Naravel_v2/benchmarks/Naravel.Benchmarks/bin/Release/net10.0/Naravel.Benchmarks-DefaultJob-1/" /p:OutDir="/home/rahpooyan-dev/Downloads/Naravel_v2/benchmarks/Naravel.Benchmarks/bin/Release/net10.0/Naravel.Benchmarks-DefaultJob-1/bin/Release/net10.0/" /p:OutputPath="/home/rahpooyan-dev/Downloads/Naravel_v2/benchmarks/Naravel.Benchmarks/bin/Release/net10.0/Naravel.Benchmarks-DefaultJob-1/bin/Release/net10.0/" /p:PublishDir="/home/rahpooyan-dev/Downloads/Naravel_v2/benchmarks/Naravel.Benchmarks/bin/Release/net10.0/Naravel.Benchmarks-DefaultJob-1/publish/" --output "/home/rahpooyan-dev/Downloads/Naravel_v2/benchmarks/Naravel.Benchmarks/bin/Release/net10.0/Naravel.Benchmarks-DefaultJob-1/bin/Release/net10.0/" in /home/rahpooyan-dev/Downloads/Naravel_v2/benchmarks/Naravel.Benchmarks/bin/Release/net10.0/Naravel.Benchmarks-DefaultJob-1
// command took 18.66 sec and exited with 0
// ***** Done, took 00:00:21 (21.21 sec)   *****
// Found 3 benchmarks:
//   QueueAndCacheBenchmarks.MemoryQueuePushPop: DefaultJob
//   QueueAndCacheBenchmarks.MemoryCacheGetSet: DefaultJob
//   QueueAndCacheBenchmarks.TaggedCacheGet: DefaultJob

// **************************
// Benchmark: QueueAndCacheBenchmarks.MemoryQueuePushPop: DefaultJob
// *** Execute ***
// Launch: 1 / 1
// Execute: dotnet Naravel.Benchmarks-DefaultJob-1.dll --anonymousPipes 140 141 --benchmarkName Naravel.Benchmarks.QueueAndCacheBenchmarks.MemoryQueuePushPop --job Default --benchmarkId 0 in /home/rahpooyan-dev/Downloads/Naravel_v2/benchmarks/Naravel.Benchmarks/bin/Release/net10.0/Naravel.Benchmarks-DefaultJob-1/bin/Release/net10.0
// Failed to set up high priority (Permission denied). In order to run benchmarks with high priority, make sure you have the right permissions.
// BeforeAnythingElse

// Benchmark Process Environment Information:
// BenchmarkDotNet v0.15.8
// Runtime=.NET 10.0.12 (10.0.12, 10.0.1226.42308), X64 RyuJIT x86-64-v3
// GC=Concurrent Workstation
// HardwareIntrinsics=AVX2+BMI1+BMI2+F16C+FMA+LZCNT+MOVBE,AVX,SSE3+SSSE3+SSE4.1+SSE4.2+POPCNT,X86Base+SSE+SSE2,AES+PCLMUL VectorSize=256
// Job: DefaultJob

OverheadJitting  1: 1 op, 195337.00 ns, 195.3370 us/op
WorkloadJitting  1: 1 op, 8871758.00 ns, 8.8718 ms/op

OverheadJitting  2: 16 op, 393561.00 ns, 24.5976 us/op
WorkloadJitting  2: 16 op, 691629.00 ns, 43.2268 us/op

WorkloadPilot    1: 16 op, 142447.00 ns, 8.9029 us/op
WorkloadPilot    2: 32 op, 122854.00 ns, 3.8392 us/op
WorkloadPilot    3: 64 op, 429520.00 ns, 6.7113 us/op
WorkloadPilot    4: 128 op, 890345.00 ns, 6.9558 us/op
WorkloadPilot    5: 256 op, 1193020.00 ns, 4.6602 us/op
WorkloadPilot    6: 512 op, 2154049.00 ns, 4.2071 us/op
WorkloadPilot    7: 1024 op, 3204654.00 ns, 3.1295 us/op
WorkloadPilot    8: 2048 op, 6404931.00 ns, 3.1274 us/op
WorkloadPilot    9: 4096 op, 14384196.00 ns, 3.5118 us/op
WorkloadPilot   10: 8192 op, 24489938.00 ns, 2.9895 us/op
WorkloadPilot   11: 16384 op, 52045210.00 ns, 3.1766 us/op
WorkloadPilot   12: 32768 op, 119217994.00 ns, 3.6382 us/op
WorkloadPilot   13: 65536 op, 123083461.00 ns, 1.8781 us/op
WorkloadPilot   14: 131072 op, 215438213.00 ns, 1.6437 us/op
WorkloadPilot   15: 262144 op, 446229626.00 ns, 1.7022 us/op
WorkloadPilot   16: 524288 op, 896944720.00 ns, 1.7108 us/op

OverheadWarmup   1: 524288 op, 1949367.00 ns, 3.7181 ns/op
OverheadWarmup   2: 524288 op, 1488181.00 ns, 2.8385 ns/op
OverheadWarmup   3: 524288 op, 1864360.00 ns, 3.5560 ns/op
OverheadWarmup   4: 524288 op, 2865575.00 ns, 5.4657 ns/op
OverheadWarmup   5: 524288 op, 1350614.00 ns, 2.5761 ns/op
OverheadWarmup   6: 524288 op, 1295768.00 ns, 2.4715 ns/op
OverheadWarmup   7: 524288 op, 1784441.00 ns, 3.4036 ns/op
OverheadWarmup   8: 524288 op, 1266161.00 ns, 2.4150 ns/op

OverheadActual   1: 524288 op, 1280485.00 ns, 2.4423 ns/op
OverheadActual   2: 524288 op, 1485699.00 ns, 2.8337 ns/op
OverheadActual   3: 524288 op, 1239429.00 ns, 2.3640 ns/op
OverheadActual   4: 524288 op, 2792071.00 ns, 5.3255 ns/op
OverheadActual   5: 524288 op, 1327590.00 ns, 2.5322 ns/op
OverheadActual   6: 524288 op, 1286370.00 ns, 2.4536 ns/op
OverheadActual   7: 524288 op, 1273995.00 ns, 2.4300 ns/op
OverheadActual   8: 524288 op, 1287911.00 ns, 2.4565 ns/op
OverheadActual   9: 524288 op, 1496430.00 ns, 2.8542 ns/op
OverheadActual  10: 524288 op, 1495044.00 ns, 2.8516 ns/op
OverheadActual  11: 524288 op, 1306807.00 ns, 2.4925 ns/op
OverheadActual  12: 524288 op, 1245963.00 ns, 2.3765 ns/op
OverheadActual  13: 524288 op, 1240074.00 ns, 2.3653 ns/op
OverheadActual  14: 524288 op, 1317378.00 ns, 2.5127 ns/op
OverheadActual  15: 524288 op, 1260747.00 ns, 2.4047 ns/op
OverheadActual  16: 524288 op, 1285828.00 ns, 2.4525 ns/op
OverheadActual  17: 524288 op, 1257048.00 ns, 2.3976 ns/op

WorkloadWarmup   1: 524288 op, 797606658.00 ns, 1.5213 us/op
WorkloadWarmup   2: 524288 op, 951167362.00 ns, 1.8142 us/op
WorkloadWarmup   3: 524288 op, 866245088.00 ns, 1.6522 us/op
WorkloadWarmup   4: 524288 op, 837104281.00 ns, 1.5966 us/op
WorkloadWarmup   5: 524288 op, 808802971.00 ns, 1.5427 us/op
WorkloadWarmup   6: 524288 op, 824248435.00 ns, 1.5721 us/op
WorkloadWarmup   7: 524288 op, 763131434.00 ns, 1.4556 us/op

// BeforeActualRun
WorkloadActual   1: 524288 op, 829982483.00 ns, 1.5831 us/op
WorkloadActual   2: 524288 op, 743804186.00 ns, 1.4187 us/op
WorkloadActual   3: 524288 op, 842028973.00 ns, 1.6060 us/op
WorkloadActual   4: 524288 op, 784997505.00 ns, 1.4973 us/op
WorkloadActual   5: 524288 op, 829936845.00 ns, 1.5830 us/op
WorkloadActual   6: 524288 op, 807838756.00 ns, 1.5408 us/op
WorkloadActual   7: 524288 op, 728011573.00 ns, 1.3886 us/op
WorkloadActual   8: 524288 op, 770376607.00 ns, 1.4694 us/op
WorkloadActual   9: 524288 op, 800210751.00 ns, 1.5263 us/op
WorkloadActual  10: 524288 op, 776520575.00 ns, 1.4811 us/op
WorkloadActual  11: 524288 op, 763846877.00 ns, 1.4569 us/op
WorkloadActual  12: 524288 op, 747072475.00 ns, 1.4249 us/op
WorkloadActual  13: 524288 op, 719486569.00 ns, 1.3723 us/op
WorkloadActual  14: 524288 op, 768838008.00 ns, 1.4664 us/op
WorkloadActual  15: 524288 op, 750663277.00 ns, 1.4318 us/op
WorkloadActual  16: 524288 op, 869588454.00 ns, 1.6586 us/op
WorkloadActual  17: 524288 op, 767591135.00 ns, 1.4641 us/op
WorkloadActual  18: 524288 op, 837134153.00 ns, 1.5967 us/op
WorkloadActual  19: 524288 op, 723114382.00 ns, 1.3792 us/op
WorkloadActual  20: 524288 op, 767479143.00 ns, 1.4639 us/op
WorkloadActual  21: 524288 op, 743985208.00 ns, 1.4190 us/op
WorkloadActual  22: 524288 op, 763490282.00 ns, 1.4562 us/op
WorkloadActual  23: 524288 op, 910343272.00 ns, 1.7363 us/op
WorkloadActual  24: 524288 op, 765101146.00 ns, 1.4593 us/op
WorkloadActual  25: 524288 op, 759602310.00 ns, 1.4488 us/op
WorkloadActual  26: 524288 op, 735092042.00 ns, 1.4021 us/op
WorkloadActual  27: 524288 op, 764029159.00 ns, 1.4573 us/op
WorkloadActual  28: 524288 op, 770670589.00 ns, 1.4699 us/op
WorkloadActual  29: 524288 op, 759139004.00 ns, 1.4479 us/op
WorkloadActual  30: 524288 op, 746322670.00 ns, 1.4235 us/op
WorkloadActual  31: 524288 op, 732344931.00 ns, 1.3968 us/op
WorkloadActual  32: 524288 op, 722809885.00 ns, 1.3787 us/op
WorkloadActual  33: 524288 op, 720042030.00 ns, 1.3734 us/op
WorkloadActual  34: 524288 op, 736514997.00 ns, 1.4048 us/op
WorkloadActual  35: 524288 op, 727405662.00 ns, 1.3874 us/op
WorkloadActual  36: 524288 op, 759916913.00 ns, 1.4494 us/op
WorkloadActual  37: 524288 op, 721946153.00 ns, 1.3770 us/op
WorkloadActual  38: 524288 op, 771581089.00 ns, 1.4717 us/op
WorkloadActual  39: 524288 op, 745661944.00 ns, 1.4222 us/op
WorkloadActual  40: 524288 op, 748360647.00 ns, 1.4274 us/op

// AfterActualRun
WorkloadResult   1: 524288 op, 742517816.00 ns, 1.4162 us/op
WorkloadResult   2: 524288 op, 783711135.00 ns, 1.4948 us/op
WorkloadResult   3: 524288 op, 806552386.00 ns, 1.5384 us/op
WorkloadResult   4: 524288 op, 726725203.00 ns, 1.3861 us/op
WorkloadResult   5: 524288 op, 769090237.00 ns, 1.4669 us/op
WorkloadResult   6: 524288 op, 798924381.00 ns, 1.5238 us/op
WorkloadResult   7: 524288 op, 775234205.00 ns, 1.4786 us/op
WorkloadResult   8: 524288 op, 762560507.00 ns, 1.4545 us/op
WorkloadResult   9: 524288 op, 745786105.00 ns, 1.4225 us/op
WorkloadResult  10: 524288 op, 718200199.00 ns, 1.3699 us/op
WorkloadResult  11: 524288 op, 767551638.00 ns, 1.4640 us/op
WorkloadResult  12: 524288 op, 749376907.00 ns, 1.4293 us/op
WorkloadResult  13: 524288 op, 766304765.00 ns, 1.4616 us/op
WorkloadResult  14: 524288 op, 721828012.00 ns, 1.3768 us/op
WorkloadResult  15: 524288 op, 766192773.00 ns, 1.4614 us/op
WorkloadResult  16: 524288 op, 742698838.00 ns, 1.4166 us/op
WorkloadResult  17: 524288 op, 762203912.00 ns, 1.4538 us/op
WorkloadResult  18: 524288 op, 763814776.00 ns, 1.4569 us/op
WorkloadResult  19: 524288 op, 758315940.00 ns, 1.4464 us/op
WorkloadResult  20: 524288 op, 733805672.00 ns, 1.3996 us/op
WorkloadResult  21: 524288 op, 762742789.00 ns, 1.4548 us/op
WorkloadResult  22: 524288 op, 769384219.00 ns, 1.4675 us/op
WorkloadResult  23: 524288 op, 757852634.00 ns, 1.4455 us/op
WorkloadResult  24: 524288 op, 745036300.00 ns, 1.4210 us/op
WorkloadResult  25: 524288 op, 731058561.00 ns, 1.3944 us/op
WorkloadResult  26: 524288 op, 721523515.00 ns, 1.3762 us/op
WorkloadResult  27: 524288 op, 718755660.00 ns, 1.3709 us/op
WorkloadResult  28: 524288 op, 735228627.00 ns, 1.4023 us/op
WorkloadResult  29: 524288 op, 726119292.00 ns, 1.3850 us/op
WorkloadResult  30: 524288 op, 758630543.00 ns, 1.4470 us/op
WorkloadResult  31: 524288 op, 720659783.00 ns, 1.3745 us/op
WorkloadResult  32: 524288 op, 770294719.00 ns, 1.4692 us/op
WorkloadResult  33: 524288 op, 744375574.00 ns, 1.4198 us/op
WorkloadResult  34: 524288 op, 747074277.00 ns, 1.4249 us/op
// GC:  140 0 0 587202560 524288
// Threading:  0 0 524288

// AfterAll
// Benchmark Process 429310 has exited with code 0.

Mean = 1.434 μs, StdErr = 0.007 μs (0.51%), N = 34, StdDev = 0.043 μs
Min = 1.370 μs, Q1 = 1.400 μs, Median = 1.437 μs, Q3 = 1.462 μs, Max = 1.538 μs
IQR = 0.061 μs, LowerFence = 1.308 μs, UpperFence = 1.553 μs
ConfidenceInterval = [1.408 μs; 1.461 μs] (CI 99.9%), Margin = 0.027 μs (1.85% of Mean)
Skewness = 0.31, Kurtosis = 2.53, MValue = 2.57

// ** Remained 4 (80.0%) benchmark(s) to run. Estimated finish 2026-10-05 17:37 (0h 2m from now) **
// **************************
// Benchmark: QueueAndCacheBenchmarks.MemoryCacheGetSet: DefaultJob
// *** Execute ***
// Launch: 1 / 1
// Execute: dotnet Naravel.Benchmarks-DefaultJob-1.dll --anonymousPipes 140 141 --benchmarkName Naravel.Benchmarks.QueueAndCacheBenchmarks.MemoryCacheGetSet --job Default --benchmarkId 1 in /home/rahpooyan-dev/Downloads/Naravel_v2/benchmarks/Naravel.Benchmarks/bin/Release/net10.0/Naravel.Benchmarks-DefaultJob-1/bin/Release/net10.0
// Failed to set up high priority (Permission denied). In order to run benchmarks with high priority, make sure you have the right permissions.
// BeforeAnythingElse

// Benchmark Process Environment Information:
// BenchmarkDotNet v0.15.8
// Runtime=.NET 10.0.12 (10.0.12, 10.0.1226.42308), X64 RyuJIT x86-64-v3
// GC=Concurrent Workstation
// HardwareIntrinsics=AVX2+BMI1+BMI2+F16C+FMA+LZCNT+MOVBE,AVX,SSE3+SSSE3+SSE4.1+SSE4.2+POPCNT,X86Base+SSE+SSE2,AES+PCLMUL VectorSize=256
// Job: DefaultJob

OverheadJitting  1: 1 op, 163865.00 ns, 163.8650 us/op
WorkloadJitting  1: 1 op, 4149687.00 ns, 4.1497 ms/op

OverheadJitting  2: 16 op, 335596.00 ns, 20.9748 us/op
WorkloadJitting  2: 16 op, 538377.00 ns, 33.6486 us/op

WorkloadPilot    1: 16 op, 72022.00 ns, 4.5014 us/op
WorkloadPilot    2: 32 op, 130534.00 ns, 4.0792 us/op
WorkloadPilot    3: 64 op, 160885.00 ns, 2.5138 us/op
WorkloadPilot    4: 128 op, 347426.00 ns, 2.7143 us/op
WorkloadPilot    5: 256 op, 693879.00 ns, 2.7105 us/op
WorkloadPilot    6: 512 op, 1432811.00 ns, 2.7985 us/op
WorkloadPilot    7: 1024 op, 2985578.00 ns, 2.9156 us/op
WorkloadPilot    8: 2048 op, 6070408.00 ns, 2.9641 us/op
WorkloadPilot    9: 4096 op, 11059491.00 ns, 2.7001 us/op
WorkloadPilot   10: 8192 op, 21267263.00 ns, 2.5961 us/op
WorkloadPilot   11: 16384 op, 38680445.00 ns, 2.3609 us/op
WorkloadPilot   12: 32768 op, 73511370.00 ns, 2.2434 us/op
WorkloadPilot   13: 65536 op, 186243613.00 ns, 2.8419 us/op
WorkloadPilot   14: 131072 op, 302785474.00 ns, 2.3101 us/op
WorkloadPilot   15: 262144 op, 357938950.00 ns, 1.3654 us/op
WorkloadPilot   16: 524288 op, 384274650.00 ns, 732.9457 ns/op
WorkloadPilot   17: 1048576 op, 766695887.00 ns, 731.1782 ns/op

OverheadWarmup   1: 1048576 op, 4857464.00 ns, 4.6324 ns/op
OverheadWarmup   2: 1048576 op, 3169812.00 ns, 3.0230 ns/op
OverheadWarmup   3: 1048576 op, 4465236.00 ns, 4.2584 ns/op
OverheadWarmup   4: 1048576 op, 4531507.00 ns, 4.3216 ns/op
OverheadWarmup   5: 1048576 op, 3462938.00 ns, 3.3025 ns/op
OverheadWarmup   6: 1048576 op, 4565666.00 ns, 4.3542 ns/op
OverheadWarmup   7: 1048576 op, 4046927.00 ns, 3.8595 ns/op

OverheadActual   1: 1048576 op, 4146074.00 ns, 3.9540 ns/op
OverheadActual   2: 1048576 op, 3515694.00 ns, 3.3528 ns/op
OverheadActual   3: 1048576 op, 10558918.00 ns, 10.0698 ns/op
OverheadActual   4: 1048576 op, 5899588.00 ns, 5.6263 ns/op
OverheadActual   5: 1048576 op, 5611488.00 ns, 5.3515 ns/op
OverheadActual   6: 1048576 op, 7768758.00 ns, 7.4089 ns/op
OverheadActual   7: 1048576 op, 9020454.00 ns, 8.6026 ns/op
OverheadActual   8: 1048576 op, 6127542.00 ns, 5.8437 ns/op
OverheadActual   9: 1048576 op, 3590707.00 ns, 3.4244 ns/op
OverheadActual  10: 1048576 op, 2524550.00 ns, 2.4076 ns/op
OverheadActual  11: 1048576 op, 2851483.00 ns, 2.7194 ns/op
OverheadActual  12: 1048576 op, 4026289.00 ns, 3.8398 ns/op
OverheadActual  13: 1048576 op, 3669350.00 ns, 3.4994 ns/op
OverheadActual  14: 1048576 op, 3073656.00 ns, 2.9313 ns/op
OverheadActual  15: 1048576 op, 2540214.00 ns, 2.4225 ns/op
OverheadActual  16: 1048576 op, 2651520.00 ns, 2.5287 ns/op
OverheadActual  17: 1048576 op, 2694463.00 ns, 2.5696 ns/op
OverheadActual  18: 1048576 op, 2960858.00 ns, 2.8237 ns/op
OverheadActual  19: 1048576 op, 3839994.00 ns, 3.6621 ns/op
OverheadActual  20: 1048576 op, 2630762.00 ns, 2.5089 ns/op

WorkloadWarmup   1: 1048576 op, 841395144.00 ns, 802.4169 ns/op
WorkloadWarmup   2: 1048576 op, 776814369.00 ns, 740.8279 ns/op
WorkloadWarmup   3: 1048576 op, 813673253.00 ns, 775.9793 ns/op
WorkloadWarmup   4: 1048576 op, 926288027.00 ns, 883.3771 ns/op
WorkloadWarmup   5: 1048576 op, 1052241422.00 ns, 1.0035 us/op
WorkloadWarmup   6: 1048576 op, 1007469529.00 ns, 960.7978 ns/op
WorkloadWarmup   7: 1048576 op, 818855941.00 ns, 780.9219 ns/op
WorkloadWarmup   8: 1048576 op, 774436720.00 ns, 738.5604 ns/op
WorkloadWarmup   9: 1048576 op, 831057549.00 ns, 792.5582 ns/op
WorkloadWarmup  10: 1048576 op, 786962904.00 ns, 750.5063 ns/op

// BeforeActualRun
WorkloadActual   1: 1048576 op, 820842247.00 ns, 782.8162 ns/op
WorkloadActual   2: 1048576 op, 768729403.00 ns, 733.1175 ns/op
WorkloadActual   3: 1048576 op, 804976952.00 ns, 767.6858 ns/op
WorkloadActual   4: 1048576 op, 771555720.00 ns, 735.8129 ns/op
WorkloadActual   5: 1048576 op, 791771250.00 ns, 755.0919 ns/op
WorkloadActual   6: 1048576 op, 796065475.00 ns, 759.1872 ns/op
WorkloadActual   7: 1048576 op, 794654521.00 ns, 757.8416 ns/op
WorkloadActual   8: 1048576 op, 801918097.00 ns, 764.7687 ns/op
WorkloadActual   9: 1048576 op, 801230164.00 ns, 764.1126 ns/op
WorkloadActual  10: 1048576 op, 790769800.00 ns, 754.1368 ns/op
WorkloadActual  11: 1048576 op, 802079069.00 ns, 764.9222 ns/op
WorkloadActual  12: 1048576 op, 791048996.00 ns, 754.4031 ns/op
WorkloadActual  13: 1048576 op, 767047954.00 ns, 731.5139 ns/op
WorkloadActual  14: 1048576 op, 800354891.00 ns, 763.2779 ns/op
WorkloadActual  15: 1048576 op, 788725866.00 ns, 752.1876 ns/op

// AfterActualRun
WorkloadResult   1: 1048576 op, 765099374.50 ns, 729.6556 ns/op
WorkloadResult   2: 1048576 op, 801346923.50 ns, 764.2240 ns/op
WorkloadResult   3: 1048576 op, 767925691.50 ns, 732.3510 ns/op
WorkloadResult   4: 1048576 op, 788141221.50 ns, 751.6300 ns/op
WorkloadResult   5: 1048576 op, 792435446.50 ns, 755.7253 ns/op
WorkloadResult   6: 1048576 op, 791024492.50 ns, 754.3797 ns/op
WorkloadResult   7: 1048576 op, 798288068.50 ns, 761.3068 ns/op
WorkloadResult   8: 1048576 op, 797600135.50 ns, 760.6508 ns/op
WorkloadResult   9: 1048576 op, 787139771.50 ns, 750.6750 ns/op
WorkloadResult  10: 1048576 op, 798449040.50 ns, 761.4603 ns/op
WorkloadResult  11: 1048576 op, 787418967.50 ns, 750.9412 ns/op
WorkloadResult  12: 1048576 op, 763417925.50 ns, 728.0521 ns/op
WorkloadResult  13: 1048576 op, 796724862.50 ns, 759.8160 ns/op
WorkloadResult  14: 1048576 op, 785095837.50 ns, 748.7257 ns/op
// GC:  172 0 0 721420288 1048576
// Threading:  1048576 0 1048576

// AfterAll
// Benchmark Process 429534 has exited with code 0.

Mean = 750.685 ns, StdErr = 3.256 ns (0.43%), N = 14, StdDev = 12.183 ns
Min = 728.052 ns, Q1 = 749.213 ns, Median = 753.005 ns, Q3 = 760.442 ns, Max = 764.224 ns
IQR = 11.229 ns, LowerFence = 732.369 ns, UpperFence = 777.286 ns
ConfidenceInterval = [736.943 ns; 764.428 ns] (CI 99.9%), Margin = 13.743 ns (1.83% of Mean)
Skewness = -0.8, Kurtosis = 2.1, MValue = 2

// ** Remained 3 (60.0%) benchmark(s) to run. Estimated finish 2026-10-05 17:36 (0h 1m from now) **
// **************************
// Benchmark: QueueAndCacheBenchmarks.TaggedCacheGet: DefaultJob
// *** Execute ***
// Launch: 1 / 1
// Execute: dotnet Naravel.Benchmarks-DefaultJob-1.dll --anonymousPipes 120 121 --benchmarkName Naravel.Benchmarks.QueueAndCacheBenchmarks.TaggedCacheGet --job Default --benchmarkId 2 in /home/rahpooyan-dev/Downloads/Naravel_v2/benchmarks/Naravel.Benchmarks/bin/Release/net10.0/Naravel.Benchmarks-DefaultJob-1/bin/Release/net10.0
// Failed to set up high priority (Permission denied). In order to run benchmarks with high priority, make sure you have the right permissions.
// BeforeAnythingElse

// Benchmark Process Environment Information:
// BenchmarkDotNet v0.15.8
// Runtime=.NET 10.0.12 (10.0.12, 10.0.1226.42308), X64 RyuJIT x86-64-v3
// GC=Concurrent Workstation
// HardwareIntrinsics=AVX2+BMI1+BMI2+F16C+FMA+LZCNT+MOVBE,AVX,SSE3+SSSE3+SSE4.1+SSE4.2+POPCNT,X86Base+SSE+SSE2,AES+PCLMUL VectorSize=256
// Job: DefaultJob

OverheadJitting  1: 1 op, 215817.00 ns, 215.8170 us/op
WorkloadJitting  1: 1 op, 3632198.00 ns, 3.6322 ms/op

OverheadJitting  2: 16 op, 838911.00 ns, 52.4319 us/op
WorkloadJitting  2: 16 op, 966955.00 ns, 60.4347 us/op

WorkloadPilot    1: 16 op, 58109.00 ns, 3.6318 us/op
WorkloadPilot    2: 32 op, 72190.00 ns, 2.2559 us/op
WorkloadPilot    3: 64 op, 113132.00 ns, 1.7677 us/op
WorkloadPilot    4: 128 op, 213558.00 ns, 1.6684 us/op
WorkloadPilot    5: 256 op, 406112.00 ns, 1.5864 us/op
WorkloadPilot    6: 512 op, 787394.00 ns, 1.5379 us/op
WorkloadPilot    7: 1024 op, 1395423.00 ns, 1.3627 us/op
WorkloadPilot    8: 2048 op, 2978108.00 ns, 1.4542 us/op
WorkloadPilot    9: 4096 op, 6076998.00 ns, 1.4836 us/op
WorkloadPilot   10: 8192 op, 12844512.00 ns, 1.5679 us/op
WorkloadPilot   11: 16384 op, 22011826.00 ns, 1.3435 us/op
WorkloadPilot   12: 32768 op, 26530845.00 ns, 809.6571 ns/op
WorkloadPilot   13: 65536 op, 50144461.00 ns, 765.1438 ns/op
WorkloadPilot   14: 131072 op, 156829801.00 ns, 1.1965 us/op
WorkloadPilot   15: 262144 op, 82093368.00 ns, 313.1613 ns/op
WorkloadPilot   16: 524288 op, 127632844.00 ns, 243.4403 ns/op
WorkloadPilot   17: 1048576 op, 253018188.00 ns, 241.2969 ns/op
WorkloadPilot   18: 2097152 op, 505404817.00 ns, 240.9958 ns/op

OverheadWarmup   1: 2097152 op, 7234979.00 ns, 3.4499 ns/op
OverheadWarmup   2: 2097152 op, 6800088.00 ns, 3.2425 ns/op
OverheadWarmup   3: 2097152 op, 5431091.00 ns, 2.5897 ns/op
OverheadWarmup   4: 2097152 op, 5802210.00 ns, 2.7667 ns/op
OverheadWarmup   5: 2097152 op, 5717407.00 ns, 2.7263 ns/op
OverheadWarmup   6: 2097152 op, 6594804.00 ns, 3.1446 ns/op
OverheadWarmup   7: 2097152 op, 5488130.00 ns, 2.6169 ns/op

OverheadActual   1: 2097152 op, 5837660.00 ns, 2.7836 ns/op
OverheadActual   2: 2097152 op, 5476819.00 ns, 2.6116 ns/op
OverheadActual   3: 2097152 op, 5457630.00 ns, 2.6024 ns/op
OverheadActual   4: 2097152 op, 5430177.00 ns, 2.5893 ns/op
OverheadActual   5: 2097152 op, 6401502.00 ns, 3.0525 ns/op
OverheadActual   6: 2097152 op, 5154866.00 ns, 2.4580 ns/op
OverheadActual   7: 2097152 op, 8273436.00 ns, 3.9451 ns/op
OverheadActual   8: 2097152 op, 5488504.00 ns, 2.6171 ns/op
OverheadActual   9: 2097152 op, 5103482.00 ns, 2.4335 ns/op
OverheadActual  10: 2097152 op, 6040426.00 ns, 2.8803 ns/op
OverheadActual  11: 2097152 op, 5765983.00 ns, 2.7494 ns/op
OverheadActual  12: 2097152 op, 5818075.00 ns, 2.7743 ns/op
OverheadActual  13: 2097152 op, 7309886.00 ns, 3.4856 ns/op
OverheadActual  14: 2097152 op, 5295642.00 ns, 2.5252 ns/op
OverheadActual  15: 2097152 op, 5522875.00 ns, 2.6335 ns/op
OverheadActual  16: 2097152 op, 5421800.00 ns, 2.5853 ns/op
OverheadActual  17: 2097152 op, 5773398.00 ns, 2.7530 ns/op
OverheadActual  18: 2097152 op, 5695361.00 ns, 2.7158 ns/op
OverheadActual  19: 2097152 op, 5535987.00 ns, 2.6398 ns/op
OverheadActual  20: 2097152 op, 5455840.00 ns, 2.6015 ns/op

WorkloadWarmup   1: 2097152 op, 576831088.00 ns, 275.0545 ns/op
WorkloadWarmup   2: 2097152 op, 493163436.00 ns, 235.1587 ns/op
WorkloadWarmup   3: 2097152 op, 502709403.00 ns, 239.7105 ns/op
WorkloadWarmup   4: 2097152 op, 599195134.00 ns, 285.7185 ns/op
WorkloadWarmup   5: 2097152 op, 503454143.00 ns, 240.0656 ns/op
WorkloadWarmup   6: 2097152 op, 493824665.00 ns, 235.4739 ns/op
WorkloadWarmup   7: 2097152 op, 636394459.00 ns, 303.4565 ns/op
WorkloadWarmup   8: 2097152 op, 504907407.00 ns, 240.7586 ns/op

// BeforeActualRun
WorkloadActual   1: 2097152 op, 494476765.00 ns, 235.7849 ns/op
WorkloadActual   2: 2097152 op, 496399694.00 ns, 236.7018 ns/op
WorkloadActual   3: 2097152 op, 503579345.00 ns, 240.1253 ns/op
WorkloadActual   4: 2097152 op, 496817265.00 ns, 236.9009 ns/op
WorkloadActual   5: 2097152 op, 507069967.00 ns, 241.7898 ns/op
WorkloadActual   6: 2097152 op, 576535020.00 ns, 274.9133 ns/op
WorkloadActual   7: 2097152 op, 502951591.00 ns, 239.8260 ns/op
WorkloadActual   8: 2097152 op, 506174173.00 ns, 241.3627 ns/op
WorkloadActual   9: 2097152 op, 491219607.00 ns, 234.2318 ns/op
WorkloadActual  10: 2097152 op, 503885328.00 ns, 240.2712 ns/op
WorkloadActual  11: 2097152 op, 553431376.00 ns, 263.8966 ns/op
WorkloadActual  12: 2097152 op, 523105920.00 ns, 249.4363 ns/op
WorkloadActual  13: 2097152 op, 558362497.00 ns, 266.2480 ns/op
WorkloadActual  14: 2097152 op, 669598553.00 ns, 319.2895 ns/op
WorkloadActual  15: 2097152 op, 610959376.00 ns, 291.3281 ns/op
WorkloadActual  16: 2097152 op, 510215695.00 ns, 243.2898 ns/op
WorkloadActual  17: 2097152 op, 503005969.00 ns, 239.8519 ns/op
WorkloadActual  18: 2097152 op, 485149880.00 ns, 231.3375 ns/op
WorkloadActual  19: 2097152 op, 503591146.00 ns, 240.1310 ns/op
WorkloadActual  20: 2097152 op, 502349311.00 ns, 239.5388 ns/op
WorkloadActual  21: 2097152 op, 503801703.00 ns, 240.2314 ns/op
WorkloadActual  22: 2097152 op, 493747609.00 ns, 235.4372 ns/op
WorkloadActual  23: 2097152 op, 491845330.00 ns, 234.5301 ns/op

// AfterActualRun
WorkloadResult   1: 2097152 op, 488947334.00 ns, 233.1483 ns/op
WorkloadResult   2: 2097152 op, 490870263.00 ns, 234.0652 ns/op
WorkloadResult   3: 2097152 op, 498049914.00 ns, 237.4887 ns/op
WorkloadResult   4: 2097152 op, 491287834.00 ns, 234.2643 ns/op
WorkloadResult   5: 2097152 op, 501540536.00 ns, 239.1532 ns/op
WorkloadResult   6: 2097152 op, 497422160.00 ns, 237.1894 ns/op
WorkloadResult   7: 2097152 op, 500644742.00 ns, 238.7260 ns/op
WorkloadResult   8: 2097152 op, 485690176.00 ns, 231.5951 ns/op
WorkloadResult   9: 2097152 op, 498355897.00 ns, 237.6346 ns/op
WorkloadResult  10: 2097152 op, 517576489.00 ns, 246.7997 ns/op
WorkloadResult  11: 2097152 op, 504686264.00 ns, 240.6532 ns/op
WorkloadResult  12: 2097152 op, 497476538.00 ns, 237.2153 ns/op
WorkloadResult  13: 2097152 op, 479620449.00 ns, 228.7009 ns/op
WorkloadResult  14: 2097152 op, 498061715.00 ns, 237.4943 ns/op
WorkloadResult  15: 2097152 op, 496819880.00 ns, 236.9022 ns/op
WorkloadResult  16: 2097152 op, 498272272.00 ns, 237.5947 ns/op
WorkloadResult  17: 2097152 op, 488218178.00 ns, 232.8006 ns/op
WorkloadResult  18: 2097152 op, 486315899.00 ns, 231.8935 ns/op
// GC:  216 0 0 905969664 2097152
// Threading:  0 0 2097152

// AfterAll
// Benchmark Process 429835 has exited with code 0.

Mean = 236.296 ns, StdErr = 0.960 ns (0.41%), N = 18, StdDev = 4.074 ns
Min = 228.701 ns, Q1 = 233.377 ns, Median = 237.202 ns, Q3 = 237.625 ns, Max = 246.800 ns
IQR = 4.247 ns, LowerFence = 227.007 ns, UpperFence = 243.995 ns
ConfidenceInterval = [232.488 ns; 240.103 ns] (CI 99.9%), Margin = 3.807 ns (1.61% of Mean)
Skewness = 0.47, Kurtosis = 3.45, MValue = 2

// ** Remained 2 (40.0%) benchmark(s) to run. Estimated finish 2026-10-05 17:36 (0h 0m from now) **
// ***** BenchmarkRunner: Finish  *****

// * Export *
  BenchmarkDotNet.Artifacts/results/Naravel.Benchmarks.QueueAndCacheBenchmarks-report.csv
  BenchmarkDotNet.Artifacts/results/Naravel.Benchmarks.QueueAndCacheBenchmarks-report-github.md
  BenchmarkDotNet.Artifacts/results/Naravel.Benchmarks.QueueAndCacheBenchmarks-report.html

// * Detailed results *
QueueAndCacheBenchmarks.MemoryQueuePushPop: DefaultJob
Runtime = .NET 10.0.12 (10.0.12, 10.0.1226.42308), X64 RyuJIT x86-64-v3; GC = Concurrent Workstation
Mean = 1.434 μs, StdErr = 0.007 μs (0.51%), N = 34, StdDev = 0.043 μs
Min = 1.370 μs, Q1 = 1.400 μs, Median = 1.437 μs, Q3 = 1.462 μs, Max = 1.538 μs
IQR = 0.061 μs, LowerFence = 1.308 μs, UpperFence = 1.553 μs
ConfidenceInterval = [1.408 μs; 1.461 μs] (CI 99.9%), Margin = 0.027 μs (1.85% of Mean)
Skewness = 0.31, Kurtosis = 2.53, MValue = 2.57
-------------------- Histogram --------------------
[1.369 μs ; 1.403 μs) | @@@@@@@@@@
[1.403 μs ; 1.445 μs) | @@@@@@@
[1.445 μs ; 1.479 μs) | @@@@@@@@@@@@@@
[1.479 μs ; 1.514 μs) | @
[1.514 μs ; 1.548 μs) | @@
---------------------------------------------------

QueueAndCacheBenchmarks.MemoryCacheGetSet: DefaultJob
Runtime = .NET 10.0.12 (10.0.12, 10.0.1226.42308), X64 RyuJIT x86-64-v3; GC = Concurrent Workstation
Mean = 750.685 ns, StdErr = 3.256 ns (0.43%), N = 14, StdDev = 12.183 ns
Min = 728.052 ns, Q1 = 749.213 ns, Median = 753.005 ns, Q3 = 760.442 ns, Max = 764.224 ns
IQR = 11.229 ns, LowerFence = 732.369 ns, UpperFence = 777.286 ns
ConfidenceInterval = [736.943 ns; 764.428 ns] (CI 99.9%), Margin = 13.743 ns (1.83% of Mean)
Skewness = -0.8, Kurtosis = 2.1, MValue = 2
-------------------- Histogram --------------------
[722.899 ns ; 747.542 ns) | @@@
[747.542 ns ; 770.858 ns) | @@@@@@@@@@@
---------------------------------------------------

QueueAndCacheBenchmarks.TaggedCacheGet: DefaultJob
Runtime = .NET 10.0.12 (10.0.12, 10.0.1226.42308), X64 RyuJIT x86-64-v3; GC = Concurrent Workstation
Mean = 236.296 ns, StdErr = 0.960 ns (0.41%), N = 18, StdDev = 4.074 ns
Min = 228.701 ns, Q1 = 233.377 ns, Median = 237.202 ns, Q3 = 237.625 ns, Max = 246.800 ns
IQR = 4.247 ns, LowerFence = 227.007 ns, UpperFence = 243.995 ns
ConfidenceInterval = [232.488 ns; 240.103 ns] (CI 99.9%), Margin = 3.807 ns (1.61% of Mean)
Skewness = 0.47, Kurtosis = 3.45, MValue = 2
-------------------- Histogram --------------------
[226.661 ns ; 235.259 ns) | @@@@@@@
[235.259 ns ; 241.165 ns) | @@@@@@@@@@
[241.165 ns ; 248.840 ns) | @
---------------------------------------------------

// * Summary *

BenchmarkDotNet v0.15.8, Linux Ubuntu 24.04.4 LTS (Noble Numbat)
Intel Core i7-7700 CPU 3.60GHz (Max: 2.30GHz) (Kaby Lake), 1 CPU, 8 logical and 4 physical cores
.NET SDK 10.0.112
  [Host]     : .NET 10.0.12 (10.0.12, 10.0.1226.42308), X64 RyuJIT x86-64-v3
  DefaultJob : .NET 10.0.12 (10.0.12, 10.0.1226.42308), X64 RyuJIT x86-64-v3


| Method             | Mean       | Error    | StdDev   | Gen0   | Allocated |
|------------------- |-----------:|---------:|---------:|-------:|----------:|
| MemoryQueuePushPop | 1,434.4 ns | 26.55 ns | 42.87 ns | 0.2670 |    1120 B |
| MemoryCacheGetSet  |   750.7 ns | 13.74 ns | 12.18 ns | 0.1640 |     688 B |
| TaggedCacheGet     |   236.3 ns |  3.81 ns |  4.07 ns | 0.1030 |     432 B |

// * Hints *
Outliers
  QueueAndCacheBenchmarks.MemoryQueuePushPop: Default -> 6 outliers were removed (1.58 μs..1.74 μs)
  QueueAndCacheBenchmarks.MemoryCacheGetSet: Default  -> 1 outlier  was  removed, 4 outliers were detected (731.51 ns..735.81 ns, 782.82 ns)
  QueueAndCacheBenchmarks.TaggedCacheGet: Default     -> 5 outliers were removed (263.90 ns..319.29 ns)

// * Legends *
  Mean      : Arithmetic mean of all measurements
  Error     : Half of 99.9% confidence interval
  StdDev    : Standard deviation of all measurements
  Gen0      : GC Generation 0 collects per 1000 operations
  Allocated : Allocated memory per single operation (managed only, inclusive, 1KB = 1024B)
  1 ns      : 1 Nanosecond (0.000000001 sec)

// * Diagnostic Output - MemoryDiagnoser *


// ***** BenchmarkRunner: End *****
Run time: 00:01:22 (82.21 sec), executed benchmarks: 3

// Found 2 benchmarks:
//   SerializerBenchmarks.ReflectionRoundTrip: DefaultJob
//   SerializerBenchmarks.SourceGeneratedRoundTrip: DefaultJob

// **************************
// Benchmark: SerializerBenchmarks.ReflectionRoundTrip: DefaultJob
// *** Execute ***
// Launch: 1 / 1
// Execute: dotnet Naravel.Benchmarks-DefaultJob-1.dll --anonymousPipes 142 143 --benchmarkName Naravel.Benchmarks.SerializerBenchmarks.ReflectionRoundTrip --job Default --benchmarkId 3 in /home/rahpooyan-dev/Downloads/Naravel_v2/benchmarks/Naravel.Benchmarks/bin/Release/net10.0/Naravel.Benchmarks-DefaultJob-1/bin/Release/net10.0
// Failed to set up high priority (Permission denied). In order to run benchmarks with high priority, make sure you have the right permissions.
// BeforeAnythingElse

// Benchmark Process Environment Information:
// BenchmarkDotNet v0.15.8
// Runtime=.NET 10.0.12 (10.0.12, 10.0.1226.42308), X64 RyuJIT x86-64-v3
// GC=Concurrent Workstation
// HardwareIntrinsics=AVX2+BMI1+BMI2+F16C+FMA+LZCNT+MOVBE,AVX,SSE3+SSSE3+SSE4.1+SSE4.2+POPCNT,X86Base+SSE+SSE2,AES+PCLMUL VectorSize=256
// Job: DefaultJob

OverheadJitting  1: 1 op, 282827.00 ns, 282.8270 us/op
WorkloadJitting  1: 1 op, 9375849.00 ns, 9.3758 ms/op

OverheadJitting  2: 16 op, 845246.00 ns, 52.8279 us/op
WorkloadJitting  2: 16 op, 1078545.00 ns, 67.4091 us/op

WorkloadPilot    1: 16 op, 107300.00 ns, 6.7063 us/op
WorkloadPilot    2: 32 op, 140231.00 ns, 4.3822 us/op
WorkloadPilot    3: 64 op, 247661.00 ns, 3.8697 us/op
WorkloadPilot    4: 128 op, 397562.00 ns, 3.1060 us/op
WorkloadPilot    5: 256 op, 689088.00 ns, 2.6918 us/op
WorkloadPilot    6: 512 op, 1316885.00 ns, 2.5720 us/op
WorkloadPilot    7: 1024 op, 3967239.00 ns, 3.8743 us/op
WorkloadPilot    8: 2048 op, 5331717.00 ns, 2.6034 us/op
WorkloadPilot    9: 4096 op, 10977605.00 ns, 2.6801 us/op
WorkloadPilot   10: 8192 op, 20961270.00 ns, 2.5587 us/op
WorkloadPilot   11: 16384 op, 42434527.00 ns, 2.5900 us/op
WorkloadPilot   12: 32768 op, 103159726.00 ns, 3.1482 us/op
WorkloadPilot   13: 65536 op, 288312603.00 ns, 4.3993 us/op
WorkloadPilot   14: 131072 op, 275267838.00 ns, 2.1001 us/op
WorkloadPilot   15: 262144 op, 162447740.00 ns, 619.6889 ns/op
WorkloadPilot   16: 524288 op, 326710982.00 ns, 623.1517 ns/op
WorkloadPilot   17: 1048576 op, 514923974.00 ns, 491.0698 ns/op

OverheadWarmup   1: 1048576 op, 4809424.00 ns, 4.5866 ns/op
OverheadWarmup   2: 1048576 op, 4817957.00 ns, 4.5948 ns/op
OverheadWarmup   3: 1048576 op, 5314715.00 ns, 5.0685 ns/op
OverheadWarmup   4: 1048576 op, 11298030.00 ns, 10.7746 ns/op
OverheadWarmup   5: 1048576 op, 5083198.00 ns, 4.8477 ns/op
OverheadWarmup   6: 1048576 op, 6258411.00 ns, 5.9685 ns/op
OverheadWarmup   7: 1048576 op, 5169550.00 ns, 4.9301 ns/op

OverheadActual   1: 1048576 op, 4654817.00 ns, 4.4392 ns/op
OverheadActual   2: 1048576 op, 4746475.00 ns, 4.5266 ns/op
OverheadActual   3: 1048576 op, 4558094.00 ns, 4.3469 ns/op
OverheadActual   4: 1048576 op, 4430501.00 ns, 4.2253 ns/op
OverheadActual   5: 1048576 op, 4784286.00 ns, 4.5627 ns/op
OverheadActual   6: 1048576 op, 4696113.00 ns, 4.4786 ns/op
OverheadActual   7: 1048576 op, 5073591.00 ns, 4.8386 ns/op
OverheadActual   8: 1048576 op, 4742095.00 ns, 4.5224 ns/op
OverheadActual   9: 1048576 op, 6837443.00 ns, 6.5207 ns/op
OverheadActual  10: 1048576 op, 6403268.00 ns, 6.1066 ns/op
OverheadActual  11: 1048576 op, 7567696.00 ns, 7.2171 ns/op
OverheadActual  12: 1048576 op, 5352850.00 ns, 5.1049 ns/op
OverheadActual  13: 1048576 op, 5658282.00 ns, 5.3962 ns/op
OverheadActual  14: 1048576 op, 8685043.00 ns, 8.2827 ns/op
OverheadActual  15: 1048576 op, 8962345.00 ns, 8.5472 ns/op
OverheadActual  16: 1048576 op, 8708983.00 ns, 8.3055 ns/op
OverheadActual  17: 1048576 op, 7997594.00 ns, 7.6271 ns/op
OverheadActual  18: 1048576 op, 14977201.00 ns, 14.2834 ns/op
OverheadActual  19: 1048576 op, 15308315.00 ns, 14.5991 ns/op
OverheadActual  20: 1048576 op, 16124533.00 ns, 15.3776 ns/op

WorkloadWarmup   1: 1048576 op, 542067150.00 ns, 516.9555 ns/op
WorkloadWarmup   2: 1048576 op, 513671110.00 ns, 489.8749 ns/op
WorkloadWarmup   3: 1048576 op, 517075555.00 ns, 493.1217 ns/op
WorkloadWarmup   4: 1048576 op, 524558710.00 ns, 500.2582 ns/op
WorkloadWarmup   5: 1048576 op, 678553007.00 ns, 647.1186 ns/op
WorkloadWarmup   6: 1048576 op, 687778392.00 ns, 655.9166 ns/op
WorkloadWarmup   7: 1048576 op, 616051025.00 ns, 587.5120 ns/op
WorkloadWarmup   8: 1048576 op, 554551261.00 ns, 528.8613 ns/op
WorkloadWarmup   9: 1048576 op, 553387726.00 ns, 527.7517 ns/op
WorkloadWarmup  10: 1048576 op, 547915322.00 ns, 522.5328 ns/op
WorkloadWarmup  11: 1048576 op, 540165543.00 ns, 515.1420 ns/op
WorkloadWarmup  12: 1048576 op, 511017416.00 ns, 487.3442 ns/op
WorkloadWarmup  13: 1048576 op, 514270268.00 ns, 490.4463 ns/op
WorkloadWarmup  14: 1048576 op, 508249133.00 ns, 484.7041 ns/op

// BeforeActualRun
WorkloadActual   1: 1048576 op, 514700879.00 ns, 490.8570 ns/op
WorkloadActual   2: 1048576 op, 503612235.00 ns, 480.2821 ns/op
WorkloadActual   3: 1048576 op, 504297740.00 ns, 480.9358 ns/op
WorkloadActual   4: 1048576 op, 507405254.00 ns, 483.8994 ns/op
WorkloadActual   5: 1048576 op, 513283814.00 ns, 489.5056 ns/op
WorkloadActual   6: 1048576 op, 518314694.00 ns, 494.3034 ns/op
WorkloadActual   7: 1048576 op, 510929650.00 ns, 487.2605 ns/op
WorkloadActual   8: 1048576 op, 505836707.00 ns, 482.4035 ns/op
WorkloadActual   9: 1048576 op, 507692247.00 ns, 484.1731 ns/op
WorkloadActual  10: 1048576 op, 500407331.00 ns, 477.2256 ns/op
WorkloadActual  11: 1048576 op, 512309667.00 ns, 488.5766 ns/op
WorkloadActual  12: 1048576 op, 508727056.00 ns, 485.1599 ns/op
WorkloadActual  13: 1048576 op, 526855958.00 ns, 502.4490 ns/op
WorkloadActual  14: 1048576 op, 579640914.00 ns, 552.7887 ns/op
WorkloadActual  15: 1048576 op, 524256843.00 ns, 499.9703 ns/op

// AfterActualRun
WorkloadResult   1: 1048576 op, 508670104.00 ns, 485.1056 ns/op
WorkloadResult   2: 1048576 op, 497581460.00 ns, 474.5307 ns/op
WorkloadResult   3: 1048576 op, 498266965.00 ns, 475.1844 ns/op
WorkloadResult   4: 1048576 op, 501374479.00 ns, 478.1480 ns/op
WorkloadResult   5: 1048576 op, 507253039.00 ns, 483.7542 ns/op
WorkloadResult   6: 1048576 op, 512283919.00 ns, 488.5520 ns/op
WorkloadResult   7: 1048576 op, 504898875.00 ns, 481.5091 ns/op
WorkloadResult   8: 1048576 op, 499805932.00 ns, 476.6521 ns/op
WorkloadResult   9: 1048576 op, 501661472.00 ns, 478.4217 ns/op
WorkloadResult  10: 1048576 op, 494376556.00 ns, 471.4742 ns/op
WorkloadResult  11: 1048576 op, 506278892.00 ns, 482.8252 ns/op
WorkloadResult  12: 1048576 op, 502696281.00 ns, 479.4085 ns/op
WorkloadResult  13: 1048576 op, 520825183.00 ns, 496.6976 ns/op
WorkloadResult  14: 1048576 op, 518226068.00 ns, 494.2189 ns/op
// GC:  52 0 0 218103808 1048576
// Threading:  0 0 1048576

// AfterAll
// Benchmark Process 429991 has exited with code 0.

Mean = 481.892 ns, StdErr = 1.958 ns (0.41%), N = 14, StdDev = 7.326 ns
Min = 471.474 ns, Q1 = 477.026 ns, Median = 480.459 ns, Q3 = 484.768 ns, Max = 496.698 ns
IQR = 7.742 ns, LowerFence = 465.413 ns, UpperFence = 496.380 ns
ConfidenceInterval = [473.627 ns; 490.156 ns] (CI 99.9%), Margin = 8.264 ns (1.71% of Mean)
Skewness = 0.61, Kurtosis = 2.26, MValue = 2

// ** Remained 1 (20.0%) benchmark(s) to run. Estimated finish 2026-10-05 17:36 (0h 0m from now) **
// **************************
// Benchmark: SerializerBenchmarks.SourceGeneratedRoundTrip: DefaultJob
// *** Execute ***
// Launch: 1 / 1
// Execute: dotnet Naravel.Benchmarks-DefaultJob-1.dll --anonymousPipes 142 143 --benchmarkName Naravel.Benchmarks.SerializerBenchmarks.SourceGeneratedRoundTrip --job Default --benchmarkId 4 in /home/rahpooyan-dev/Downloads/Naravel_v2/benchmarks/Naravel.Benchmarks/bin/Release/net10.0/Naravel.Benchmarks-DefaultJob-1/bin/Release/net10.0
// Failed to set up high priority (Permission denied). In order to run benchmarks with high priority, make sure you have the right permissions.
// BeforeAnythingElse

// Benchmark Process Environment Information:
// BenchmarkDotNet v0.15.8
// Runtime=.NET 10.0.12 (10.0.12, 10.0.1226.42308), X64 RyuJIT x86-64-v3
// GC=Concurrent Workstation
// HardwareIntrinsics=AVX2+BMI1+BMI2+F16C+FMA+LZCNT+MOVBE,AVX,SSE3+SSSE3+SSE4.1+SSE4.2+POPCNT,X86Base+SSE+SSE2,AES+PCLMUL VectorSize=256
// Job: DefaultJob

OverheadJitting  1: 1 op, 230732.00 ns, 230.7320 us/op
WorkloadJitting  1: 1 op, 6011626.00 ns, 6.0116 ms/op

OverheadJitting  2: 16 op, 782759.00 ns, 48.9224 us/op
WorkloadJitting  2: 16 op, 820547.00 ns, 51.2842 us/op

WorkloadPilot    1: 16 op, 47788.00 ns, 2.9868 us/op
WorkloadPilot    2: 32 op, 54949.00 ns, 1.7172 us/op
WorkloadPilot    3: 64 op, 123832.00 ns, 1.9349 us/op
WorkloadPilot    4: 128 op, 282254.00 ns, 2.2051 us/op
WorkloadPilot    5: 256 op, 330160.00 ns, 1.2897 us/op
WorkloadPilot    6: 512 op, 878533.00 ns, 1.7159 us/op
WorkloadPilot    7: 1024 op, 1121347.00 ns, 1.0951 us/op
WorkloadPilot    8: 2048 op, 1813568.00 ns, 885.5313 ns/op
WorkloadPilot    9: 4096 op, 3544271.00 ns, 865.3005 ns/op
WorkloadPilot   10: 8192 op, 5711647.00 ns, 697.2225 ns/op
WorkloadPilot   11: 16384 op, 11859467.00 ns, 723.8444 ns/op
WorkloadPilot   12: 32768 op, 22412728.00 ns, 683.9822 ns/op
WorkloadPilot   13: 65536 op, 45389863.00 ns, 692.5943 ns/op
WorkloadPilot   14: 131072 op, 121704881.00 ns, 928.5346 ns/op
WorkloadPilot   15: 262144 op, 237482449.00 ns, 905.9236 ns/op
WorkloadPilot   16: 524288 op, 157992342.00 ns, 301.3465 ns/op
WorkloadPilot   17: 1048576 op, 278504726.00 ns, 265.6028 ns/op
WorkloadPilot   18: 2097152 op, 701394591.00 ns, 334.4510 ns/op

OverheadWarmup   1: 2097152 op, 8829256.00 ns, 4.2101 ns/op
OverheadWarmup   2: 2097152 op, 8987276.00 ns, 4.2855 ns/op
OverheadWarmup   3: 2097152 op, 9089625.00 ns, 4.3343 ns/op
OverheadWarmup   4: 2097152 op, 8790605.00 ns, 4.1917 ns/op
OverheadWarmup   5: 2097152 op, 9338425.00 ns, 4.4529 ns/op
OverheadWarmup   6: 2097152 op, 9134947.00 ns, 4.3559 ns/op

OverheadActual   1: 2097152 op, 9352842.00 ns, 4.4598 ns/op
OverheadActual   2: 2097152 op, 9137785.00 ns, 4.3572 ns/op
OverheadActual   3: 2097152 op, 8899854.00 ns, 4.2438 ns/op
OverheadActual   4: 2097152 op, 11683172.00 ns, 5.5710 ns/op
OverheadActual   5: 2097152 op, 10100048.00 ns, 4.8161 ns/op
OverheadActual   6: 2097152 op, 11594297.00 ns, 5.5286 ns/op
OverheadActual   7: 2097152 op, 10346401.00 ns, 4.9335 ns/op
OverheadActual   8: 2097152 op, 11410011.00 ns, 5.4407 ns/op
OverheadActual   9: 2097152 op, 9749567.00 ns, 4.6490 ns/op
OverheadActual  10: 2097152 op, 10976199.00 ns, 5.2339 ns/op
OverheadActual  11: 2097152 op, 11897482.00 ns, 5.6732 ns/op
OverheadActual  12: 2097152 op, 9249554.00 ns, 4.4105 ns/op
OverheadActual  13: 2097152 op, 10308977.00 ns, 4.9157 ns/op
OverheadActual  14: 2097152 op, 9791272.00 ns, 4.6688 ns/op
OverheadActual  15: 2097152 op, 10311556.00 ns, 4.9169 ns/op
OverheadActual  16: 2097152 op, 9665395.00 ns, 4.6088 ns/op
OverheadActual  17: 2097152 op, 11326568.00 ns, 5.4009 ns/op
OverheadActual  18: 2097152 op, 10719036.00 ns, 5.1112 ns/op
OverheadActual  19: 2097152 op, 10156520.00 ns, 4.8430 ns/op
OverheadActual  20: 2097152 op, 10023446.00 ns, 4.7796 ns/op

WorkloadWarmup   1: 2097152 op, 628673534.00 ns, 299.7749 ns/op
WorkloadWarmup   2: 2097152 op, 572005836.00 ns, 272.7536 ns/op
WorkloadWarmup   3: 2097152 op, 565507894.00 ns, 269.6552 ns/op
WorkloadWarmup   4: 2097152 op, 597309983.00 ns, 284.8196 ns/op
WorkloadWarmup   5: 2097152 op, 562588916.00 ns, 268.2633 ns/op
WorkloadWarmup   6: 2097152 op, 583922137.00 ns, 278.4358 ns/op
WorkloadWarmup   7: 2097152 op, 611677236.00 ns, 291.6704 ns/op
WorkloadWarmup   8: 2097152 op, 574645691.00 ns, 274.0124 ns/op

// BeforeActualRun
WorkloadActual   1: 2097152 op, 613166957.00 ns, 292.3808 ns/op
WorkloadActual   2: 2097152 op, 640174589.00 ns, 305.2590 ns/op
WorkloadActual   3: 2097152 op, 631375114.00 ns, 301.0631 ns/op
WorkloadActual   4: 2097152 op, 595059256.00 ns, 283.7464 ns/op
WorkloadActual   5: 2097152 op, 618648622.00 ns, 294.9947 ns/op
WorkloadActual   6: 2097152 op, 596008038.00 ns, 284.1988 ns/op
WorkloadActual   7: 2097152 op, 582813543.00 ns, 277.9072 ns/op
WorkloadActual   8: 2097152 op, 610131792.00 ns, 290.9335 ns/op
WorkloadActual   9: 2097152 op, 802615752.00 ns, 382.7170 ns/op
WorkloadActual  10: 2097152 op, 596213427.00 ns, 284.2967 ns/op
WorkloadActual  11: 2097152 op, 595097976.00 ns, 283.7648 ns/op
WorkloadActual  12: 2097152 op, 781496963.00 ns, 372.6468 ns/op
WorkloadActual  13: 2097152 op, 632151312.00 ns, 301.4332 ns/op
WorkloadActual  14: 2097152 op, 639966600.00 ns, 305.1599 ns/op
WorkloadActual  15: 2097152 op, 632825482.00 ns, 301.7547 ns/op
WorkloadActual  16: 2097152 op, 788055085.00 ns, 375.7739 ns/op
WorkloadActual  17: 2097152 op, 736773543.00 ns, 351.3210 ns/op
WorkloadActual  18: 2097152 op, 643864320.00 ns, 307.0184 ns/op
WorkloadActual  19: 2097152 op, 673984107.00 ns, 321.3807 ns/op
WorkloadActual  20: 2097152 op, 655673633.00 ns, 312.6496 ns/op
WorkloadActual  21: 2097152 op, 635827453.00 ns, 303.1862 ns/op
WorkloadActual  22: 2097152 op, 1001722408.00 ns, 477.6585 ns/op
WorkloadActual  23: 2097152 op, 722139247.00 ns, 344.3428 ns/op
WorkloadActual  24: 2097152 op, 730485186.00 ns, 348.3225 ns/op
WorkloadActual  25: 2097152 op, 637501396.00 ns, 303.9844 ns/op
WorkloadActual  26: 2097152 op, 670919342.00 ns, 319.9193 ns/op
WorkloadActual  27: 2097152 op, 557574559.00 ns, 265.8723 ns/op
WorkloadActual  28: 2097152 op, 572159659.00 ns, 272.8270 ns/op
WorkloadActual  29: 2097152 op, 901077698.00 ns, 429.6673 ns/op
WorkloadActual  30: 2097152 op, 603017228.00 ns, 287.5410 ns/op
WorkloadActual  31: 2097152 op, 576490859.00 ns, 274.8923 ns/op
WorkloadActual  32: 2097152 op, 704605060.00 ns, 335.9819 ns/op
WorkloadActual  33: 2097152 op, 638225704.00 ns, 304.3297 ns/op
WorkloadActual  34: 2097152 op, 660457156.00 ns, 314.9305 ns/op
WorkloadActual  35: 2097152 op, 807724493.00 ns, 385.1531 ns/op
WorkloadActual  36: 2097152 op, 581150922.00 ns, 277.1144 ns/op
WorkloadActual  37: 2097152 op, 558838941.00 ns, 266.4752 ns/op
WorkloadActual  38: 2097152 op, 751183697.00 ns, 358.1923 ns/op
WorkloadActual  39: 2097152 op, 652926487.00 ns, 311.3396 ns/op
WorkloadActual  40: 2097152 op, 656661132.00 ns, 313.1204 ns/op
WorkloadActual  41: 2097152 op, 669426056.00 ns, 319.2072 ns/op
WorkloadActual  42: 2097152 op, 566419697.00 ns, 270.0900 ns/op
WorkloadActual  43: 2097152 op, 560439283.00 ns, 267.2383 ns/op
WorkloadActual  44: 2097152 op, 576750368.00 ns, 275.0160 ns/op
WorkloadActual  45: 2097152 op, 572503219.00 ns, 272.9908 ns/op
WorkloadActual  46: 2097152 op, 565773491.00 ns, 269.7818 ns/op
WorkloadActual  47: 2097152 op, 565057870.00 ns, 269.4406 ns/op
WorkloadActual  48: 2097152 op, 556050355.00 ns, 265.1455 ns/op
WorkloadActual  49: 2097152 op, 568380817.00 ns, 271.0251 ns/op
WorkloadActual  50: 2097152 op, 632869973.00 ns, 301.7759 ns/op
WorkloadActual  51: 2097152 op, 715429696.00 ns, 341.1435 ns/op
WorkloadActual  52: 2097152 op, 689771873.00 ns, 328.9089 ns/op
WorkloadActual  53: 2097152 op, 738877436.00 ns, 352.3242 ns/op
WorkloadActual  54: 2097152 op, 600137790.00 ns, 286.1680 ns/op
WorkloadActual  55: 2097152 op, 712936441.00 ns, 339.9546 ns/op
WorkloadActual  56: 2097152 op, 590234936.00 ns, 281.4459 ns/op
WorkloadActual  57: 2097152 op, 623609973.00 ns, 297.3604 ns/op
WorkloadActual  58: 2097152 op, 640063670.00 ns, 305.2061 ns/op
WorkloadActual  59: 2097152 op, 688587998.00 ns, 328.3443 ns/op
WorkloadActual  60: 2097152 op, 607268554.00 ns, 289.5682 ns/op
WorkloadActual  61: 2097152 op, 794237128.00 ns, 378.7218 ns/op
WorkloadActual  62: 2097152 op, 721690936.00 ns, 344.1291 ns/op
WorkloadActual  63: 2097152 op, 641980052.00 ns, 306.1199 ns/op
WorkloadActual  64: 2097152 op, 670206017.00 ns, 319.5791 ns/op
WorkloadActual  65: 2097152 op, 599685982.00 ns, 285.9526 ns/op
WorkloadActual  66: 2097152 op, 631091439.00 ns, 300.9278 ns/op
WorkloadActual  67: 2097152 op, 917232843.00 ns, 437.3707 ns/op
WorkloadActual  68: 2097152 op, 1008747142.00 ns, 481.0081 ns/op
WorkloadActual  69: 2097152 op, 637197692.00 ns, 303.8395 ns/op
WorkloadActual  70: 2097152 op, 609344510.00 ns, 290.5581 ns/op
WorkloadActual  71: 2097152 op, 633845031.00 ns, 302.2409 ns/op
WorkloadActual  72: 2097152 op, 609911996.00 ns, 290.8287 ns/op
WorkloadActual  73: 2097152 op, 586644396.00 ns, 279.7338 ns/op
WorkloadActual  74: 2097152 op, 565933715.00 ns, 269.8582 ns/op
WorkloadActual  75: 2097152 op, 591363908.00 ns, 281.9843 ns/op
WorkloadActual  76: 2097152 op, 639694427.00 ns, 305.0301 ns/op
WorkloadActual  77: 2097152 op, 677418634.00 ns, 323.0184 ns/op
WorkloadActual  78: 2097152 op, 642194693.00 ns, 306.2223 ns/op
WorkloadActual  79: 2097152 op, 642744856.00 ns, 306.4846 ns/op
WorkloadActual  80: 2097152 op, 643795193.00 ns, 306.9855 ns/op
WorkloadActual  81: 2097152 op, 689885991.00 ns, 328.9633 ns/op
WorkloadActual  82: 2097152 op, 652448827.00 ns, 311.1118 ns/op
WorkloadActual  83: 2097152 op, 611432357.00 ns, 291.5537 ns/op
WorkloadActual  84: 2097152 op, 739071143.00 ns, 352.4166 ns/op
WorkloadActual  85: 2097152 op, 751889286.00 ns, 358.5288 ns/op
WorkloadActual  86: 2097152 op, 783668449.00 ns, 373.6822 ns/op
WorkloadActual  87: 2097152 op, 733244016.00 ns, 349.6380 ns/op
WorkloadActual  88: 2097152 op, 720735300.00 ns, 343.6734 ns/op
WorkloadActual  89: 2097152 op, 808657873.00 ns, 385.5981 ns/op
WorkloadActual  90: 2097152 op, 676039701.00 ns, 322.3608 ns/op
WorkloadActual  91: 2097152 op, 569055942.00 ns, 271.3470 ns/op
WorkloadActual  92: 2097152 op, 546809340.00 ns, 260.7390 ns/op
WorkloadActual  93: 2097152 op, 556280470.00 ns, 265.2552 ns/op
WorkloadActual  94: 2097152 op, 560384252.00 ns, 267.2120 ns/op
WorkloadActual  95: 2097152 op, 561788167.00 ns, 267.8815 ns/op
WorkloadActual  96: 2097152 op, 579135757.00 ns, 276.1534 ns/op
WorkloadActual  97: 2097152 op, 568004852.00 ns, 270.8458 ns/op
WorkloadActual  98: 2097152 op, 663713239.00 ns, 316.4831 ns/op
WorkloadActual  99: 2097152 op, 554344470.00 ns, 264.3320 ns/op
WorkloadActual  100: 2097152 op, 570457625.00 ns, 272.0154 ns/op

// AfterActualRun
WorkloadResult   1: 2097152 op, 602934208.50 ns, 287.5014 ns/op
WorkloadResult   2: 2097152 op, 629941840.50 ns, 300.3797 ns/op
WorkloadResult   3: 2097152 op, 621142365.50 ns, 296.1838 ns/op
WorkloadResult   4: 2097152 op, 584826507.50 ns, 278.8670 ns/op
WorkloadResult   5: 2097152 op, 608415873.50 ns, 290.1153 ns/op
WorkloadResult   6: 2097152 op, 585775289.50 ns, 279.3194 ns/op
WorkloadResult   7: 2097152 op, 572580794.50 ns, 273.0278 ns/op
WorkloadResult   8: 2097152 op, 599899043.50 ns, 286.0542 ns/op
WorkloadResult   9: 2097152 op, 792383003.50 ns, 377.8377 ns/op
WorkloadResult  10: 2097152 op, 585980678.50 ns, 279.4174 ns/op
WorkloadResult  11: 2097152 op, 584865227.50 ns, 278.8855 ns/op
WorkloadResult  12: 2097152 op, 771264214.50 ns, 367.7674 ns/op
WorkloadResult  13: 2097152 op, 621918563.50 ns, 296.5539 ns/op
WorkloadResult  14: 2097152 op, 629733851.50 ns, 300.2805 ns/op
WorkloadResult  15: 2097152 op, 622592733.50 ns, 296.8753 ns/op
WorkloadResult  16: 2097152 op, 777822336.50 ns, 370.8946 ns/op
WorkloadResult  17: 2097152 op, 726540794.50 ns, 346.4416 ns/op
WorkloadResult  18: 2097152 op, 633631571.50 ns, 302.1391 ns/op
WorkloadResult  19: 2097152 op, 663751358.50 ns, 316.5013 ns/op
WorkloadResult  20: 2097152 op, 645440884.50 ns, 307.7702 ns/op
WorkloadResult  21: 2097152 op, 625594704.50 ns, 298.3068 ns/op
WorkloadResult  22: 2097152 op, 711906498.50 ns, 339.4635 ns/op
WorkloadResult  23: 2097152 op, 720252437.50 ns, 343.4431 ns/op
WorkloadResult  24: 2097152 op, 627268647.50 ns, 299.1050 ns/op
WorkloadResult  25: 2097152 op, 660686593.50 ns, 315.0399 ns/op
WorkloadResult  26: 2097152 op, 547341810.50 ns, 260.9929 ns/op
WorkloadResult  27: 2097152 op, 561926910.50 ns, 267.9476 ns/op
WorkloadResult  28: 2097152 op, 592784479.50 ns, 282.6617 ns/op
WorkloadResult  29: 2097152 op, 566258110.50 ns, 270.0129 ns/op
WorkloadResult  30: 2097152 op, 694372311.50 ns, 331.1025 ns/op
WorkloadResult  31: 2097152 op, 627992955.50 ns, 299.4504 ns/op
WorkloadResult  32: 2097152 op, 650224407.50 ns, 310.0512 ns/op
WorkloadResult  33: 2097152 op, 797491744.50 ns, 380.2737 ns/op
WorkloadResult  34: 2097152 op, 570918173.50 ns, 272.2350 ns/op
WorkloadResult  35: 2097152 op, 548606192.50 ns, 261.5958 ns/op
WorkloadResult  36: 2097152 op, 740950948.50 ns, 353.3129 ns/op
WorkloadResult  37: 2097152 op, 642693738.50 ns, 306.4603 ns/op
WorkloadResult  38: 2097152 op, 646428383.50 ns, 308.2411 ns/op
WorkloadResult  39: 2097152 op, 659193307.50 ns, 314.3279 ns/op
WorkloadResult  40: 2097152 op, 556186948.50 ns, 265.2106 ns/op
WorkloadResult  41: 2097152 op, 550206534.50 ns, 262.3589 ns/op
WorkloadResult  42: 2097152 op, 566517619.50 ns, 270.1367 ns/op
WorkloadResult  43: 2097152 op, 562270470.50 ns, 268.1115 ns/op
WorkloadResult  44: 2097152 op, 555540742.50 ns, 264.9025 ns/op
WorkloadResult  45: 2097152 op, 554825121.50 ns, 264.5612 ns/op
WorkloadResult  46: 2097152 op, 545817606.50 ns, 260.2661 ns/op
WorkloadResult  47: 2097152 op, 558148068.50 ns, 266.1457 ns/op
WorkloadResult  48: 2097152 op, 622637224.50 ns, 296.8966 ns/op
WorkloadResult  49: 2097152 op, 705196947.50 ns, 336.2641 ns/op
WorkloadResult  50: 2097152 op, 679539124.50 ns, 324.0295 ns/op
WorkloadResult  51: 2097152 op, 728644687.50 ns, 347.4449 ns/op
WorkloadResult  52: 2097152 op, 589905041.50 ns, 281.2886 ns/op
WorkloadResult  53: 2097152 op, 702703692.50 ns, 335.0752 ns/op
WorkloadResult  54: 2097152 op, 580002187.50 ns, 276.5666 ns/op
WorkloadResult  55: 2097152 op, 613377224.50 ns, 292.4811 ns/op
WorkloadResult  56: 2097152 op, 629830921.50 ns, 300.3268 ns/op
WorkloadResult  57: 2097152 op, 678355249.50 ns, 323.4650 ns/op
WorkloadResult  58: 2097152 op, 597035805.50 ns, 284.6889 ns/op
WorkloadResult  59: 2097152 op, 784004379.50 ns, 373.8424 ns/op
WorkloadResult  60: 2097152 op, 711458187.50 ns, 339.2497 ns/op
WorkloadResult  61: 2097152 op, 631747303.50 ns, 301.2406 ns/op
WorkloadResult  62: 2097152 op, 659973268.50 ns, 314.6998 ns/op
WorkloadResult  63: 2097152 op, 589453233.50 ns, 281.0732 ns/op
WorkloadResult  64: 2097152 op, 620858690.50 ns, 296.0485 ns/op
WorkloadResult  65: 2097152 op, 626964943.50 ns, 298.9602 ns/op
WorkloadResult  66: 2097152 op, 599111761.50 ns, 285.6787 ns/op
WorkloadResult  67: 2097152 op, 623612282.50 ns, 297.3615 ns/op
WorkloadResult  68: 2097152 op, 599679247.50 ns, 285.9493 ns/op
WorkloadResult  69: 2097152 op, 576411647.50 ns, 274.8545 ns/op
WorkloadResult  70: 2097152 op, 555700966.50 ns, 264.9789 ns/op
WorkloadResult  71: 2097152 op, 581131159.50 ns, 277.1049 ns/op
WorkloadResult  72: 2097152 op, 629461678.50 ns, 300.1507 ns/op
WorkloadResult  73: 2097152 op, 667185885.50 ns, 318.1390 ns/op
WorkloadResult  74: 2097152 op, 631961944.50 ns, 301.3429 ns/op
WorkloadResult  75: 2097152 op, 632512107.50 ns, 301.6053 ns/op
WorkloadResult  76: 2097152 op, 633562444.50 ns, 302.1061 ns/op
WorkloadResult  77: 2097152 op, 679653242.50 ns, 324.0839 ns/op
WorkloadResult  78: 2097152 op, 642216078.50 ns, 306.2325 ns/op
WorkloadResult  79: 2097152 op, 601199608.50 ns, 286.6743 ns/op
WorkloadResult  80: 2097152 op, 728838394.50 ns, 347.5372 ns/op
WorkloadResult  81: 2097152 op, 741656537.50 ns, 353.6494 ns/op
WorkloadResult  82: 2097152 op, 773435700.50 ns, 368.8029 ns/op
WorkloadResult  83: 2097152 op, 723011267.50 ns, 344.7586 ns/op
WorkloadResult  84: 2097152 op, 710502551.50 ns, 338.7940 ns/op
WorkloadResult  85: 2097152 op, 798425124.50 ns, 380.7188 ns/op
WorkloadResult  86: 2097152 op, 665806952.50 ns, 317.4815 ns/op
WorkloadResult  87: 2097152 op, 558823193.50 ns, 266.4677 ns/op
WorkloadResult  88: 2097152 op, 536576591.50 ns, 255.8597 ns/op
WorkloadResult  89: 2097152 op, 546047721.50 ns, 260.3758 ns/op
WorkloadResult  90: 2097152 op, 550151503.50 ns, 262.3327 ns/op
WorkloadResult  91: 2097152 op, 551555418.50 ns, 263.0021 ns/op
WorkloadResult  92: 2097152 op, 568903008.50 ns, 271.2741 ns/op
WorkloadResult  93: 2097152 op, 557772103.50 ns, 265.9665 ns/op
WorkloadResult  94: 2097152 op, 653480490.50 ns, 311.6038 ns/op
WorkloadResult  95: 2097152 op, 544111721.50 ns, 259.4527 ns/op
WorkloadResult  96: 2097152 op, 560224876.50 ns, 267.1360 ns/op
// GC:  44 0 0 184549376 2097152
// Threading:  0 0 2097152

// AfterAll
// Benchmark Process 430114 has exited with code 0.

Mean = 301.392 ns, StdErr = 3.347 ns (1.11%), N = 96, StdDev = 32.790 ns
Min = 255.860 ns, Q1 = 274.398 ns, Median = 297.834 ns, Q3 = 317.646 ns, Max = 380.719 ns
IQR = 43.248 ns, LowerFence = 209.526 ns, UpperFence = 382.518 ns
ConfidenceInterval = [290.028 ns; 312.757 ns] (CI 99.9%), Margin = 11.365 ns (3.77% of Mean)
Skewness = 0.73, Kurtosis = 2.67, MValue = 3.2

// ** Remained 0 (0.0%) benchmark(s) to run. Estimated finish 2026-10-05 17:37 (0h 0m from now) **
// ***** BenchmarkRunner: Finish  *****

// * Export *
  BenchmarkDotNet.Artifacts/results/Naravel.Benchmarks.SerializerBenchmarks-report.csv
  BenchmarkDotNet.Artifacts/results/Naravel.Benchmarks.SerializerBenchmarks-report-github.md
  BenchmarkDotNet.Artifacts/results/Naravel.Benchmarks.SerializerBenchmarks-report.html

// * Detailed results *
SerializerBenchmarks.ReflectionRoundTrip: DefaultJob
Runtime = .NET 10.0.12 (10.0.12, 10.0.1226.42308), X64 RyuJIT x86-64-v3; GC = Concurrent Workstation
Mean = 481.892 ns, StdErr = 1.958 ns (0.41%), N = 14, StdDev = 7.326 ns
Min = 471.474 ns, Q1 = 477.026 ns, Median = 480.459 ns, Q3 = 484.768 ns, Max = 496.698 ns
IQR = 7.742 ns, LowerFence = 465.413 ns, UpperFence = 496.380 ns
ConfidenceInterval = [473.627 ns; 490.156 ns] (CI 99.9%), Margin = 8.264 ns (1.71% of Mean)
Skewness = 0.61, Kurtosis = 2.26, MValue = 2
-------------------- Histogram --------------------
[467.485 ns ; 486.443 ns) | @@@@@@@@@@@
[486.443 ns ; 500.687 ns) | @@@
---------------------------------------------------

SerializerBenchmarks.SourceGeneratedRoundTrip: DefaultJob
Runtime = .NET 10.0.12 (10.0.12, 10.0.1226.42308), X64 RyuJIT x86-64-v3; GC = Concurrent Workstation
Mean = 301.392 ns, StdErr = 3.347 ns (1.11%), N = 96, StdDev = 32.790 ns
Min = 255.860 ns, Q1 = 274.398 ns, Median = 297.834 ns, Q3 = 317.646 ns, Max = 380.719 ns
IQR = 43.248 ns, LowerFence = 209.526 ns, UpperFence = 382.518 ns
ConfidenceInterval = [290.028 ns; 312.757 ns] (CI 99.9%), Margin = 11.365 ns (3.77% of Mean)
Skewness = 0.73, Kurtosis = 2.67, MValue = 3.2
-------------------- Histogram --------------------
[246.461 ns ; 260.806 ns) | @@@@
[260.806 ns ; 284.015 ns) | @@@@@@@@@@@@@@@@@@@@@@@@@@@@@@
[284.015 ns ; 302.813 ns) | @@@@@@@@@@@@@@@@@@@@@@@@@@@
[302.813 ns ; 324.557 ns) | @@@@@@@@@@@@@@@
[324.557 ns ; 334.963 ns) | @
[334.963 ns ; 353.761 ns) | @@@@@@@@@@@@
[353.761 ns ; 364.844 ns) | 
[364.844 ns ; 383.642 ns) | @@@@@@@
---------------------------------------------------

// * Summary *

BenchmarkDotNet v0.15.8, Linux Ubuntu 24.04.4 LTS (Noble Numbat)
Intel Core i7-7700 CPU 3.60GHz (Max: 2.30GHz) (Kaby Lake), 1 CPU, 8 logical and 4 physical cores
.NET SDK 10.0.112
  [Host]     : .NET 10.0.12 (10.0.12, 10.0.1226.42308), X64 RyuJIT x86-64-v3
  DefaultJob : .NET 10.0.12 (10.0.12, 10.0.1226.42308), X64 RyuJIT x86-64-v3


| Method                   | Mean     | Error    | StdDev   | Ratio | RatioSD | Gen0   | Allocated | Alloc Ratio |
|------------------------- |---------:|---------:|---------:|------:|--------:|-------:|----------:|------------:|
| ReflectionRoundTrip      | 481.9 ns |  8.26 ns |  7.33 ns |  1.00 |    0.02 | 0.0496 |     208 B |        1.00 |
| SourceGeneratedRoundTrip | 301.4 ns | 11.36 ns | 32.79 ns |  0.63 |    0.07 | 0.0210 |      88 B |        0.42 |

// * Warnings *
MultimodalDistribution
  SerializerBenchmarks.SourceGeneratedRoundTrip: Default -> It seems that the distribution can have several modes (mValue = 3.2)

// * Hints *
Outliers
  SerializerBenchmarks.ReflectionRoundTrip: Default      -> 1 outlier  was  removed (552.79 ns)
  SerializerBenchmarks.SourceGeneratedRoundTrip: Default -> 4 outliers were removed (429.67 ns..481.01 ns)

// * Legends *
  Mean        : Arithmetic mean of all measurements
  Error       : Half of 99.9% confidence interval
  StdDev      : Standard deviation of all measurements
  Ratio       : Mean of the ratio distribution ([Current]/[Baseline])
  RatioSD     : Standard deviation of the ratio distribution ([Current]/[Baseline])
  Gen0        : GC Generation 0 collects per 1000 operations
  Allocated   : Allocated memory per single operation (managed only, inclusive, 1KB = 1024B)
  Alloc Ratio : Allocated memory ratio distribution ([Current]/[Baseline])
  1 ns        : 1 Nanosecond (0.000000001 sec)

// * Diagnostic Output - MemoryDiagnoser *


// ***** BenchmarkRunner: End *****
Run time: 00:01:31 (91.45 sec), executed benchmarks: 2

Global total time: 00:03:15 (195.27 sec), executed benchmarks: 5
// * Artifacts cleanup *
Artifacts cleanup is finished
