// Validating benchmarks:
// ***** BenchmarkRunner: Start   *****
// ***** Found 1 benchmark(s) in total *****
// ***** Building 1 exe(s) in Parallel: Start   *****
// start dotnet  restore --nodeReuse:false /p:UseSharedCompilation=false /p:Deterministic=true /p:Optimize=true /p:ArtifactsPath="/home/rahpooyan-dev/Downloads/Naravel/benchmarks/Naravel.Benchmarks/bin/Release/net10.0/Naravel.Benchmarks-ShortRun-1/" /p:OutDir="/home/rahpooyan-dev/Downloads/Naravel/benchmarks/Naravel.Benchmarks/bin/Release/net10.0/Naravel.Benchmarks-ShortRun-1/bin/Release/net10.0/" /p:OutputPath="/home/rahpooyan-dev/Downloads/Naravel/benchmarks/Naravel.Benchmarks/bin/Release/net10.0/Naravel.Benchmarks-ShortRun-1/bin/Release/net10.0/" /p:PublishDir="/home/rahpooyan-dev/Downloads/Naravel/benchmarks/Naravel.Benchmarks/bin/Release/net10.0/Naravel.Benchmarks-ShortRun-1/publish/" in /home/rahpooyan-dev/Downloads/Naravel/benchmarks/Naravel.Benchmarks/bin/Release/net10.0/Naravel.Benchmarks-ShortRun-1
// command took 3.8 sec and exited with 0
// start dotnet  build -c Release --no-restore --nodeReuse:false /p:UseSharedCompilation=false /p:Deterministic=true /p:Optimize=true /p:ArtifactsPath="/home/rahpooyan-dev/Downloads/Naravel/benchmarks/Naravel.Benchmarks/bin/Release/net10.0/Naravel.Benchmarks-ShortRun-1/" /p:OutDir="/home/rahpooyan-dev/Downloads/Naravel/benchmarks/Naravel.Benchmarks/bin/Release/net10.0/Naravel.Benchmarks-ShortRun-1/bin/Release/net10.0/" /p:OutputPath="/home/rahpooyan-dev/Downloads/Naravel/benchmarks/Naravel.Benchmarks/bin/Release/net10.0/Naravel.Benchmarks-ShortRun-1/bin/Release/net10.0/" /p:PublishDir="/home/rahpooyan-dev/Downloads/Naravel/benchmarks/Naravel.Benchmarks/bin/Release/net10.0/Naravel.Benchmarks-ShortRun-1/publish/" --output "/home/rahpooyan-dev/Downloads/Naravel/benchmarks/Naravel.Benchmarks/bin/Release/net10.0/Naravel.Benchmarks-ShortRun-1/bin/Release/net10.0/" in /home/rahpooyan-dev/Downloads/Naravel/benchmarks/Naravel.Benchmarks/bin/Release/net10.0/Naravel.Benchmarks-ShortRun-1
// command took 19.91 sec and exited with 0
// ***** Done, took 00:00:23 (23.79 sec)   *****
// Found 1 benchmarks:
//   QueueAndCacheBenchmarks.MemoryRateLimiterAttempt: ShortRun(IterationCount=3, LaunchCount=1, WarmupCount=3)

// **************************
// Benchmark: QueueAndCacheBenchmarks.MemoryRateLimiterAttempt: ShortRun(IterationCount=3, LaunchCount=1, WarmupCount=3)
// *** Execute ***
// Launch: 1 / 1
// Execute: dotnet Naravel.Benchmarks-ShortRun-1.dll --anonymousPipes 149 150 --benchmarkName Naravel.Benchmarks.QueueAndCacheBenchmarks.MemoryRateLimiterAttempt --job ShortRun --benchmarkId 0 in /home/rahpooyan-dev/Downloads/Naravel/benchmarks/Naravel.Benchmarks/bin/Release/net10.0/Naravel.Benchmarks-ShortRun-1/bin/Release/net10.0
// Failed to set up high priority (Permission denied). In order to run benchmarks with high priority, make sure you have the right permissions.
// BeforeAnythingElse

// Benchmark Process Environment Information:
// BenchmarkDotNet v0.15.8
// Runtime=.NET 10.0.12 (10.0.12, 10.0.1226.42308), X64 RyuJIT x86-64-v3
// GC=Concurrent Workstation
// HardwareIntrinsics=AVX2+BMI1+BMI2+F16C+FMA+LZCNT+MOVBE,AVX,SSE3+SSSE3+SSE4.1+SSE4.2+POPCNT,X86Base+SSE+SSE2,AES+PCLMUL VectorSize=256
// Job: ShortRun(IterationCount=3, LaunchCount=1, WarmupCount=3)

OverheadJitting  1: 1 op, 206912.00 ns, 206.9120 us/op
WorkloadJitting  1: 1 op, 25117629.00 ns, 25.1176 ms/op

OverheadJitting  2: 16 op, 255678.00 ns, 15.9799 us/op
WorkloadJitting  2: 16 op, 3804956.00 ns, 237.8098 us/op

WorkloadPilot    1: 16 op, 357566.00 ns, 22.3479 us/op
WorkloadPilot    2: 32 op, 446848.00 ns, 13.9640 us/op
WorkloadPilot    3: 64 op, 785761.00 ns, 12.2775 us/op
WorkloadPilot    4: 128 op, 1923920.00 ns, 15.0306 us/op
WorkloadPilot    5: 256 op, 5370688.00 ns, 20.9793 us/op
WorkloadPilot    6: 512 op, 11402281.00 ns, 22.2701 us/op
WorkloadPilot    7: 1024 op, 15012299.00 ns, 14.6604 us/op
WorkloadPilot    8: 2048 op, 29191243.00 ns, 14.2535 us/op
WorkloadPilot    9: 4096 op, 88113109.00 ns, 21.5120 us/op
WorkloadPilot   10: 8192 op, 125699246.00 ns, 15.3441 us/op
WorkloadPilot   11: 16384 op, 180945559.00 ns, 11.0440 us/op
WorkloadPilot   12: 32768 op, 303653114.00 ns, 9.2668 us/op
WorkloadPilot   13: 65536 op, 333373310.00 ns, 5.0869 us/op
WorkloadPilot   14: 131072 op, 763896667.00 ns, 5.8281 us/op

OverheadWarmup   1: 131072 op, 309605.00 ns, 2.3621 ns/op
OverheadWarmup   2: 131072 op, 311774.00 ns, 2.3786 ns/op
OverheadWarmup   3: 131072 op, 895527.00 ns, 6.8323 ns/op
OverheadWarmup   4: 131072 op, 531433.00 ns, 4.0545 ns/op
OverheadWarmup   5: 131072 op, 503152.00 ns, 3.8387 ns/op
OverheadWarmup   6: 131072 op, 485638.00 ns, 3.7051 ns/op
OverheadWarmup   7: 131072 op, 410508.00 ns, 3.1319 ns/op
OverheadWarmup   8: 131072 op, 424704.00 ns, 3.2402 ns/op
OverheadWarmup   9: 131072 op, 501523.00 ns, 3.8263 ns/op
OverheadWarmup  10: 131072 op, 452572.00 ns, 3.4529 ns/op

OverheadActual   1: 131072 op, 546588.00 ns, 4.1701 ns/op
OverheadActual   2: 131072 op, 553589.00 ns, 4.2235 ns/op
OverheadActual   3: 131072 op, 368787.00 ns, 2.8136 ns/op
OverheadActual   4: 131072 op, 387237.00 ns, 2.9544 ns/op
OverheadActual   5: 131072 op, 537382.00 ns, 4.0999 ns/op
OverheadActual   6: 131072 op, 442400.00 ns, 3.3752 ns/op
OverheadActual   7: 131072 op, 525172.00 ns, 4.0067 ns/op
OverheadActual   8: 131072 op, 556255.00 ns, 4.2439 ns/op
OverheadActual   9: 131072 op, 558011.00 ns, 4.2573 ns/op
OverheadActual  10: 131072 op, 538915.00 ns, 4.1116 ns/op
OverheadActual  11: 131072 op, 403291.00 ns, 3.0769 ns/op
OverheadActual  12: 131072 op, 502051.00 ns, 3.8303 ns/op
OverheadActual  13: 131072 op, 417612.00 ns, 3.1861 ns/op
OverheadActual  14: 131072 op, 421672.00 ns, 3.2171 ns/op
OverheadActual  15: 131072 op, 550435.00 ns, 4.1995 ns/op
OverheadActual  16: 131072 op, 388275.00 ns, 2.9623 ns/op
OverheadActual  17: 131072 op, 420451.00 ns, 3.2078 ns/op
OverheadActual  18: 131072 op, 503089.00 ns, 3.8383 ns/op
OverheadActual  19: 131072 op, 516699.00 ns, 3.9421 ns/op
OverheadActual  20: 131072 op, 540818.00 ns, 4.1261 ns/op

WorkloadWarmup   1: 131072 op, 678608991.00 ns, 5.1774 us/op
WorkloadWarmup   2: 131072 op, 774870543.00 ns, 5.9118 us/op
WorkloadWarmup   3: 131072 op, 743762794.00 ns, 5.6745 us/op

// BeforeActualRun
WorkloadActual   1: 131072 op, 825397783.00 ns, 6.2973 us/op
WorkloadActual   2: 131072 op, 803638073.00 ns, 6.1313 us/op
WorkloadActual   3: 131072 op, 654130956.00 ns, 4.9906 us/op

// AfterActualRun
WorkloadResult   1: 131072 op, 824887889.00 ns, 6.2934 us/op
WorkloadResult   2: 131072 op, 803128179.00 ns, 6.1274 us/op
WorkloadResult   3: 131072 op, 653621062.00 ns, 4.9867 us/op
// GC:  130 0 0 546308096 131072
// Threading:  131072 0 131072

// AfterAll
// Benchmark Process 491368 has exited with code 0.

Mean = 5.803 μs, StdErr = 0.411 μs (7.08%), N = 3, StdDev = 0.711 μs
Min = 4.987 μs, Q1 = 5.557 μs, Median = 6.127 μs, Q3 = 6.210 μs, Max = 6.293 μs
IQR = 0.653 μs, LowerFence = 4.577 μs, UpperFence = 7.190 μs
ConfidenceInterval = [-7.175 μs; 18.780 μs] (CI 99.9%), Margin = 12.977 μs (223.65% of Mean)
Skewness = -0.36, Kurtosis = 0.67, MValue = 2

// ** Remained 0 (0.0%) benchmark(s) to run. Estimated finish 2026-10-06 10:43 (0h 0m from now) **
// ***** BenchmarkRunner: Finish  *****

// * Export *
  BenchmarkDotNet.Artifacts/results/Naravel.Benchmarks.QueueAndCacheBenchmarks-report.csv
  BenchmarkDotNet.Artifacts/results/Naravel.Benchmarks.QueueAndCacheBenchmarks-report-github.md
  BenchmarkDotNet.Artifacts/results/Naravel.Benchmarks.QueueAndCacheBenchmarks-report.html

// * Detailed results *
QueueAndCacheBenchmarks.MemoryRateLimiterAttempt: ShortRun(IterationCount=3, LaunchCount=1, WarmupCount=3)
Runtime = .NET 10.0.12 (10.0.12, 10.0.1226.42308), X64 RyuJIT x86-64-v3; GC = Concurrent Workstation
Mean = 5.803 μs, StdErr = 0.411 μs (7.08%), N = 3, StdDev = 0.711 μs
Min = 4.987 μs, Q1 = 5.557 μs, Median = 6.127 μs, Q3 = 6.210 μs, Max = 6.293 μs
IQR = 0.653 μs, LowerFence = 4.577 μs, UpperFence = 7.190 μs
ConfidenceInterval = [-7.175 μs; 18.780 μs] (CI 99.9%), Margin = 12.977 μs (223.65% of Mean)
Skewness = -0.36, Kurtosis = 0.67, MValue = 2
-------------------- Histogram --------------------
[4.339 μs ; 5.563 μs) | @
[5.563 μs ; 6.941 μs) | @@
---------------------------------------------------

// * Summary *

BenchmarkDotNet v0.15.8, Linux Ubuntu 24.04.4 LTS (Noble Numbat)
Intel Core i7-7700 CPU 3.60GHz (Max: 4.00GHz) (Kaby Lake), 1 CPU, 8 logical and 4 physical cores
.NET SDK 10.0.112
  [Host]   : .NET 10.0.12 (10.0.12, 10.0.1226.42308), X64 RyuJIT x86-64-v3
  ShortRun : .NET 10.0.12 (10.0.12, 10.0.1226.42308), X64 RyuJIT x86-64-v3

Job=ShortRun  IterationCount=3  LaunchCount=1  
WarmupCount=3  

| Method                   | Mean     | Error     | StdDev    | Gen0   | Allocated |
|------------------------- |---------:|----------:|----------:|-------:|----------:|
| MemoryRateLimiterAttempt | 5.803 μs | 12.977 μs | 0.7113 μs | 0.9918 |   4.07 KB |

// * Legends *
  Mean      : Arithmetic mean of all measurements
  Error     : Half of 99.9% confidence interval
  StdDev    : Standard deviation of all measurements
  Gen0      : GC Generation 0 collects per 1000 operations
  Allocated : Allocated memory per single operation (managed only, inclusive, 1KB = 1024B)
  1 μs      : 1 Microsecond (0.000001 sec)

// * Diagnostic Output - MemoryDiagnoser *


// ***** BenchmarkRunner: End *****
Run time: 00:00:07 (7.57 sec), executed benchmarks: 1

Global total time: 00:00:31 (31.49 sec), executed benchmarks: 1
// * Artifacts cleanup *
Artifacts cleanup is finished
